../Core/Src/main.c:123:5:main	24	static
../Core/Src/main.c:199:6:SystemClock_Config	88	static
../Core/Src/main.c:247:13:MX_ADC1_Init	24	static
../Core/Src/main.c:299:13:MX_I2C1_Init	8	static
../Core/Src/main.c:333:13:MX_TIM1_Init	80	static
../Core/Src/main.c:398:13:MX_TIM3_Init	64	static
../Core/Src/main.c:457:13:MX_TIM14_Init	24	static
../Core/Src/main.c:502:13:MX_USART2_UART_Init	8	static
../Core/Src/main.c:533:13:MX_DMA_Init	16	static
../Core/Src/main.c:546:13:MX_GPIO_Init	48	static
../Core/Src/main.c:593:6:servo_motor	16	static
../Core/Src/main.c:598:6:buzzer	16	static
../Core/Src/main.c:605:6:lcd_write_mpu	64	static
../Core/Src/main.c:632:6:lcd_write_bmp	64	static
../Core/Src/main.c:657:6:modules_init	8	static
../Core/Src/main.c:678:6:HCSR04_Read	8	static
../Core/Src/main.c:688:6:HAL_TIM_IC_CaptureCallback	16	static
../Core/Src/main.c:725:6:HAL_GPIO_EXTI_Callback	16	static
../Core/Src/main.c:749:6:Error_Handler	4	static,ignoring_inline_asm
